// Jest Snapshot v1, https://goo.gl/fbAQLP

exports[`Testing Multiple Select Snapshots 1`] = `
<DocumentFragment>
  <div
    class="sc-bczRLJ eRPedS"
  >
    <div
      class="sc-gsnTZi eIUvRC"
    >
      Select Genre
    </div>
    <span
      class="sc-dkzDqf ewRrEr material-icons"
    >
      arrow_drop_down
    </span>
    <div
      class="sc-hKMtZM bATtUK"
    >
      <label
        class="sc-eCYdqJ gYrPwk"
        font-size="20px"
      >
        <input
          class="sc-ftvSup dGIJev"
          name="all"
          type="checkbox"
        />
        <p>
          All
        </p>
      </label>
      <label
        class="sc-eCYdqJ gYrPwk"
        font-size="20px"
      >
        <input
          checked=""
          class="sc-ftvSup dGIJev"
          name="doc"
          type="checkbox"
        />
        <p>
          Docs
        </p>
      </label>
    </div>
  </div>
</DocumentFragment>
`;
